[    4482ms] [INFO] %cDownload the React DevTools for a better development experience: https://react.dev/link/react-devtools font-weight:bold @ http://localhost:5173/node_modules/.vite/deps/react-dom_client.js?v=2fc193b0:20102
[   10892ms] [LOG] [LivingOrb] Generated instanceId: orb-1-l9qyv8zpm @ http://localhost:5173/src/components/orb/LivingOrb.tsx?t=1785408113321:184
[   10892ms] [LOG] [LivingOrb] Generated instanceId: orb-2-y5tkmomfd @ http://localhost:5173/src/components/orb/LivingOrb.tsx?t=1785408113321:184
[   10896ms] [ERROR] Encountered two children with the same key, `%s`. Keys should be unique so that components maintain their identity across updates. Non-unique keys may cause children to be duplicated and/or omitted — the behavior is unsupported and could change in a future version.  @ http://localhost:5173/node_modules/.vite/deps/react-dom_client.js?v=2fc193b0:4924
[   10897ms] [ERROR] Encountered two children with the same key, `%s`. Keys should be unique so that components maintain their identity across updates. Non-unique keys may cause children to be duplicated and/or omitted — the behavior is unsupported and could change in a future version.  @ http://localhost:5173/node_modules/.vite/deps/react-dom_client.js?v=2fc193b0:4924
[   10897ms] [ERROR] Encountered two children with the same key, `%s`. Keys should be unique so that components maintain their identity across updates. Non-unique keys may cause children to be duplicated and/or omitted — the behavior is unsupported and could change in a future version.  @ http://localhost:5173/node_modules/.vite/deps/react-dom_client.js?v=2fc193b0:4924
[   10897ms] [ERROR] Encountered two children with the same key, `%s`. Keys should be unique so that components maintain their identity across updates. Non-unique keys may cause children to be duplicated and/or omitted — the behavior is unsupported and could change in a future version.  @ http://localhost:5173/node_modules/.vite/deps/react-dom_client.js?v=2fc193b0:4924
[   10897ms] [ERROR] Encountered two children with the same key, `%s`. Keys should be unique so that components maintain their identity across updates. Non-unique keys may cause children to be duplicated and/or omitted — the behavior is unsupported and could change in a future version.  @ http://localhost:5173/node_modules/.vite/deps/react-dom_client.js?v=2fc193b0:4924
[  660280ms] [LOG] Conversation elements: 0 @ :3
[  660280ms] [LOG] Draggable elements: 0 @ :10
[  660281ms] [LOG] Motion divs with transform: 12 @ :14
[ 1304892ms] [LOG] Satellite containers: 8 @ :3
[ 1304895ms] [LOG] Satellite 0: {class: flex flex-col items-center gap-1, style: position: absolute; left: calc(50% - 219.203px); t…index: 10; user-select: none; touch-action: none;, dragListener: null, draggable: false} @ :7
[ 1304991ms] [LOG] Satellite 1: {class: flex flex-col items-center gap-1, style: position: absolute; left: calc(50% + 310px); top: …index: 10; user-select: none; touch-action: none;, dragListener: null, draggable: false} @ :7
[ 1304992ms] [LOG] Satellite 2: {class: flex flex-col items-center gap-1, style: position: absolute; left: calc(50% - 226.72px); to…index: 10; user-select: none; touch-action: none;, dragListener: null, draggable: false} @ :7
[ 1304993ms] [LOG] Satellite 3: {class: flex flex-col items-center gap-1, style: position: absolute; left: calc(50% - 219.203px); t…index: 10; user-select: none; touch-action: none;, dragListener: null, draggable: false} @ :7
[ 1304993ms] [LOG] Satellite 4: {class: flex flex-col items-center gap-1, style: position: absolute; left: calc(50% + 219.203px); t…index: 10; user-select: none; touch-action: none;, dragListener: null, draggable: false} @ :7
[ 1304993ms] [LOG] Satellite 5: {class: flex flex-col items-center gap-1, style: position: absolute; left: calc(50% + 219.203px); t…index: 10; user-select: none; touch-action: none;, dragListener: null, draggable: false} @ :7
[ 1304993ms] [LOG] Satellite 6: {class: flex flex-col items-center gap-1, style: position: absolute; left: calc(50% - 211.419px); t…index: 10; user-select: none; touch-action: none;, dragListener: null, draggable: false} @ :7
[ 1304994ms] [LOG] Satellite 7: {class: flex flex-col items-center gap-1, style: position: absolute; left: calc(50% - 5.69461e-14px…index: 30; user-select: none; touch-action: none;, dragListener: null, draggable: false} @ :7
[ 1391478ms] [LOG] Found Conversation satellite: JSHandle@node @ :11
[ 1391478ms] [LOG] Satellite rect: DOMRect @ :15
[ 1775350ms] [LOG] [LivingOrb] Generated instanceId: orb-1-ml8jpole5 @ http://localhost:5173/src/components/orb/LivingOrb.tsx?t=1785412121060:184
[ 1775350ms] [LOG] [LivingOrb] Generated instanceId: orb-2-lgg0f00yp @ http://localhost:5173/src/components/orb/LivingOrb.tsx?t=1785412121060:184
[ 1775370ms] [ERROR] Encountered two children with the same key, `%s`. Keys should be unique so that components maintain their identity across updates. Non-unique keys may cause children to be duplicated and/or omitted — the behavior is unsupported and could change in a future version.  @ http://localhost:5173/node_modules/.vite/deps/react-dom_client.js?v=2fc193b0:4924
[ 1775371ms] [ERROR] Encountered two children with the same key, `%s`. Keys should be unique so that components maintain their identity across updates. Non-unique keys may cause children to be duplicated and/or omitted — the behavior is unsupported and could change in a future version.  @ http://localhost:5173/node_modules/.vite/deps/react-dom_client.js?v=2fc193b0:4924
[ 1775371ms] [ERROR] Encountered two children with the same key, `%s`. Keys should be unique so that components maintain their identity across updates. Non-unique keys may cause children to be duplicated and/or omitted — the behavior is unsupported and could change in a future version.  @ http://localhost:5173/node_modules/.vite/deps/react-dom_client.js?v=2fc193b0:4924
[ 1775371ms] [ERROR] Encountered two children with the same key, `%s`. Keys should be unique so that components maintain their identity across updates. Non-unique keys may cause children to be duplicated and/or omitted — the behavior is unsupported and could change in a future version.  @ http://localhost:5173/node_modules/.vite/deps/react-dom_client.js?v=2fc193b0:4924
[ 1775371ms] [ERROR] Encountered two children with the same key, `%s`. Keys should be unique so that components maintain their identity across updates. Non-unique keys may cause children to be duplicated and/or omitted — the behavior is unsupported and could change in a future version.  @ http://localhost:5173/node_modules/.vite/deps/react-dom_client.js?v=2fc193b0:4924
