[    2577ms] [INFO] %cDownload the React DevTools for a better development experience: https://react.dev/link/react-devtools font-weight:bold @ http://localhost:5174/node_modules/.vite/deps/react-dom_client.js?v=5ad0b90e:20102
[   19699ms] [LOG] === Orb === @ :5
[   19699ms] [LOG] orb rect: {x: 509, y: 475, w: 230, h: 230} @ :8
[   19700ms] [LOG] orb src: /src/assets/living-orb-globe.png @ :9
[   19700ms] [LOG] === Rings === @ :12
[   19700ms] [LOG] absolute rounded-full divs: 16 @ :13
[   19700ms] [LOG] ring[0]: w=540 h=540 x=195 y=161 @ :16
[   19700ms] [LOG] ring[1]: w=590 h=590 x=170 y=136 @ :16
[   19700ms] [LOG] ring[2]: w=484 h=484 x=383 y=349 @ :16
[   19700ms] [LOG] ring[3]: w=332 h=332 x=459 y=425 @ :16
[   19700ms] [LOG] ring[4]: w=227 h=227 x=511 y=477 @ :16
[   19700ms] [LOG] ring[5]: w=23 h=23 x=613 y=579 @ :16
[   19701ms] [LOG] ring[6]: w=5 h=5 x=698 y=456 @ :16
[   19701ms] [LOG] ring[7]: w=4 h=4 x=492 y=656 @ :16
[   19701ms] [LOG] ring[8]: w=5 h=5 x=487 y=502 @ :16
[   19701ms] [LOG] ring[9]: w=3 h=3 x=589 y=442 @ :16
[   19701ms] [LOG] ring[10]: w=4 h=4 x=655 y=690 @ :16
[   19701ms] [LOG] ring[11]: w=4 h=4 x=763 y=589 @ :16
[   19701ms] [LOG] ring[12]: w=3 h=3 x=768 y=464 @ :16
[   19701ms] [LOG] ring[13]: w=4 h=4 x=556 y=703 @ :16
[   19701ms] [LOG] ring[14]: w=3 h=3 x=471 y=565 @ :16
[   19701ms] [LOG] ring[15]: w=4 h=4 x=752 y=624 @ :16
[   19701ms] [LOG] === Buttons === @ :19
[   19701ms] [LOG] Build: x=350 y=175 w=49 h=66 @ :22
[   19701ms] [LOG] Memory: x=202 y=365 w=49 h=66 @ :22
[   19701ms] [LOG] Knowledge: x=581 y=208 w=62 h=65 @ :22
[   19701ms] [LOG] Plugins: x=292 y=587 w=49 h=66 @ :22
[   19702ms] [LOG] Canvas: x=678 y=431 w=49 h=66 @ :22
[   19702ms] [LOG] Settings: x=530 y=620 w=49 h=66 @ :22
[   19702ms] [LOG] === .h-screen === @ :29
[   19702ms] [LOG] width: 929px height: 861px @ :30
