[    2586ms] [INFO] %cDownload the React DevTools for a better development experience: https://react.dev/link/react-devtools font-weight:bold @ http://localhost:5173/node_modules/.vite/deps/react-dom_client.js?v=2fc193b0:20102
[    2710ms] [ERROR] Encountered two children with the same key, `%s`. Keys should be unique so that components maintain their identity across updates. Non-unique keys may cause children to be duplicated and/or omitted — the behavior is unsupported and could change in a future version.  @ http://localhost:5173/node_modules/.vite/deps/react-dom_client.js?v=2fc193b0:4924
[    2710ms] [ERROR] Encountered two children with the same key, `%s`. Keys should be unique so that components maintain their identity across updates. Non-unique keys may cause children to be duplicated and/or omitted — the behavior is unsupported and could change in a future version.  @ http://localhost:5173/node_modules/.vite/deps/react-dom_client.js?v=2fc193b0:4924
[    2710ms] [ERROR] Encountered two children with the same key, `%s`. Keys should be unique so that components maintain their identity across updates. Non-unique keys may cause children to be duplicated and/or omitted — the behavior is unsupported and could change in a future version.  @ http://localhost:5173/node_modules/.vite/deps/react-dom_client.js?v=2fc193b0:4924
[    2710ms] [ERROR] Encountered two children with the same key, `%s`. Keys should be unique so that components maintain their identity across updates. Non-unique keys may cause children to be duplicated and/or omitted — the behavior is unsupported and could change in a future version.  @ http://localhost:5173/node_modules/.vite/deps/react-dom_client.js?v=2fc193b0:4924
[    2711ms] [ERROR] Encountered two children with the same key, `%s`. Keys should be unique so that components maintain their identity across updates. Non-unique keys may cause children to be duplicated and/or omitted — the behavior is unsupported and could change in a future version.  @ http://localhost:5173/node_modules/.vite/deps/react-dom_client.js?v=2fc193b0:4924
[   46041ms] [LOG] Potential orb containers: 2 @ :8
[   46042ms] [LOG] Motion divs with transform: 10 @ :12
[   46042ms] [LOG] Bottom positioned elements: 1 @ :16
[   46042ms] [LOG] Orb class elements: 0 @ :20
[  170578ms] [LOG] Bottom dock element: JSHandle@node @ :3
[  170579ms] [LOG] Large divs (780px): 1 @ :7
[  170579ms] [LOG]   0: relative w-[780px] h-[780px] flex items-center justify-center  @ :8
[  170579ms] [LOG] Absolute elements: 11 @ :12
[  170579ms] [LOG] Found 780px element at index 14: absolute bottom-0 left-1/2 -translate-x-1/2  @ :20
[  170579ms] [LOG] Found 780px element at index 15: relative w-[780px] h-[780px] flex items-center justify-center  @ :20
[  170580ms] [LOG] Body children count: 2 @ :27
[  170580ms] [LOG]   Body child 0: DIV   @ :29
[  170580ms] [LOG]   Body child 1: SCRIPT   @ :29
[  302840ms] [ERROR] Encountered two children with the same key, `%s`. Keys should be unique so that components maintain their identity across updates. Non-unique keys may cause children to be duplicated and/or omitted — the behavior is unsupported and could change in a future version.  @ http://localhost:5173/node_modules/.vite/deps/react-dom_client.js?v=2fc193b0:4924
[  302840ms] [ERROR] Encountered two children with the same key, `%s`. Keys should be unique so that components maintain their identity across updates. Non-unique keys may cause children to be duplicated and/or omitted — the behavior is unsupported and could change in a future version.  @ http://localhost:5173/node_modules/.vite/deps/react-dom_client.js?v=2fc193b0:4924
[  302840ms] [ERROR] Encountered two children with the same key, `%s`. Keys should be unique so that components maintain their identity across updates. Non-unique keys may cause children to be duplicated and/or omitted — the behavior is unsupported and could change in a future version.  @ http://localhost:5173/node_modules/.vite/deps/react-dom_client.js?v=2fc193b0:4924
[  302840ms] [ERROR] Encountered two children with the same key, `%s`. Keys should be unique so that components maintain their identity across updates. Non-unique keys may cause children to be duplicated and/or omitted — the behavior is unsupported and could change in a future version.  @ http://localhost:5173/node_modules/.vite/deps/react-dom_client.js?v=2fc193b0:4924
[  302840ms] [ERROR] Encountered two children with the same key, `%s`. Keys should be unique so that components maintain their identity across updates. Non-unique keys may cause children to be duplicated and/or omitted — the behavior is unsupported and could change in a future version.  @ http://localhost:5173/node_modules/.vite/deps/react-dom_client.js?v=2fc193b0:4924
[  339732ms] [ERROR] Encountered two children with the same key, `%s`. Keys should be unique so that components maintain their identity across updates. Non-unique keys may cause children to be duplicated and/or omitted — the behavior is unsupported and could change in a future version.  @ http://localhost:5173/node_modules/.vite/deps/react-dom_client.js?v=2fc193b0:4924
[  339733ms] [ERROR] Encountered two children with the same key, `%s`. Keys should be unique so that components maintain their identity across updates. Non-unique keys may cause children to be duplicated and/or omitted — the behavior is unsupported and could change in a future version.  @ http://localhost:5173/node_modules/.vite/deps/react-dom_client.js?v=2fc193b0:4924
[  339734ms] [ERROR] Encountered two children with the same key, `%s`. Keys should be unique so that components maintain their identity across updates. Non-unique keys may cause children to be duplicated and/or omitted — the behavior is unsupported and could change in a future version.  @ http://localhost:5173/node_modules/.vite/deps/react-dom_client.js?v=2fc193b0:4924
[  339734ms] [ERROR] Encountered two children with the same key, `%s`. Keys should be unique so that components maintain their identity across updates. Non-unique keys may cause children to be duplicated and/or omitted — the behavior is unsupported and could change in a future version.  @ http://localhost:5173/node_modules/.vite/deps/react-dom_client.js?v=2fc193b0:4924
[  339734ms] [ERROR] Encountered two children with the same key, `%s`. Keys should be unique so that components maintain their identity across updates. Non-unique keys may cause children to be duplicated and/or omitted — the behavior is unsupported and could change in a future version.  @ http://localhost:5173/node_modules/.vite/deps/react-dom_client.js?v=2fc193b0:4924
